// Jest Snapshot v1, https://goo.gl/fbAQLP

exports[`<CopyIcon /> renders as expected 1`] = `
<Tooltip
  content="tooltipTitleValue"
  placement="left"
>
  <UIButton
    className="css-oqwzau classNameValue"
    htmlType="button"
    icon="copy"
    onClick={[Function]}
  />
</Tooltip>
`;
